// Jest Snapshot v1, https://goo.gl/fbAQLP

exports[`<Index/> render correctly (snapshot) 1`] = `
<Index>
  <div>
    <h2>
      Media Queries
    </h2>
    <p>
      Resize the browser window.
    </p>
    <p>
      Make sure you reach the breakpoint at 800px when resizing this frame.
    </p>
    <div
      className="left"
    >
      <p>
        Left Menu
      </p>
    </div>
    <div
      className="main"
    >
      <p>
        Main Content
      </p>
    </div>
    <div
      className="right"
    >
      <p>
        Right Content
      </p>
    </div>
  </div>
</Index>
`;
